21-09-2026~~17:16:10 [restartedMain] INFO  com.solarNetBilling.demo.DemoApplication - Starting DemoApplication using Java 21.0.3 with PID 10724 (C:\Users\rahul\git\solarNetBilling-Backend\target\classes started by rahul in C:\Users\rahul\git\solarNetBilling-Backend)
21-09-2026~~17:16:10 [restartedMain] INFO  com.solarNetBilling.demo.DemoApplication - No active profile set, falling back to 1 default profile: "default"
21-09-2026~~17:16:10 [restartedMain] INFO  org.springframework.boot.devtools.env.DevToolsPropertyDefaultsPostProcessor - Devtools property defaults active! Set 'spring.devtools.add-properties' to 'false' to disable
21-09-2026~~17:16:10 [restartedMain] INFO  org.springframework.boot.devtools.env.DevToolsPropertyDefaultsPostProcessor - For additional web related logging consider setting the 'logging.level.web' property to 'DEBUG'
21-09-2026~~17:16:11 [restartedMain] INFO  org.springframework.boot.tomcat.TomcatWebServer - Tomcat initialized with port 8080 (http)
21-09-2026~~17:16:11 [restartedMain] INFO  org.apache.coyote.http11.Http11NioProtocol - Initializing ProtocolHandler ["http-nio-8080"]
21-09-2026~~17:16:11 [restartedMain] INFO  org.apache.catalina.core.StandardService - Starting service [Tomcat]
21-09-2026~~17:16:11 [restartedMain] INFO  org.apache.catalina.core.StandardEngine - Starting Servlet engine: [Apache Tomcat/11.0.24]
21-09-2026~~17:16:11 [restartedMain] INFO  org.springframework.boot.web.context.servlet.WebApplicationContextInitializer - Root WebApplicationContext: initialization completed in 1181 ms
21-09-2026~~17:16:11 [restartedMain] INFO  com.solarNetBilling.demo.Service.CustomerServiceImpl - Inside CustomerServiceImpl Constructor
21-09-2026~~17:16:11 [restartedMain] INFO  org.apache.coyote.http11.Http11NioProtocol - Starting ProtocolHandler ["http-nio-8080"]
21-09-2026~~17:16:11 [restartedMain] INFO  org.springframework.boot.tomcat.TomcatWebServer - Tomcat started on port 8080 (http) with context path '/'
21-09-2026~~17:16:11 [restartedMain] INFO  com.solarNetBilling.demo.DemoApplication - Started DemoApplication in 2.574 seconds (process running for 3.692)
21-09-2026~~17:17:40 [http-nio-8080-exec-1] INFO  org.apache.catalina.core.ContainerBase.[Tomcat].[localhost].[/] - Initializing Spring DispatcherServlet 'dispatcherServlet'
21-09-2026~~17:17:40 [http-nio-8080-exec-1] INFO  org.springframework.web.servlet.DispatcherServlet - Initializing Servlet 'dispatcherServlet'
21-09-2026~~17:17:40 [http-nio-8080-exec-1] INFO  org.springframework.web.servlet.DispatcherServlet - Completed initialization in 2 ms
21-09-2026~~17:17:40 [http-nio-8080-exec-1] INFO  com.solarNetBilling.demo.Service.CustomerServiceImpl - Inside getAllCustomers()
21-09-2026~~17:17:40 [http-nio-8080-exec-1] INFO  com.zaxxer.hikari.HikariDataSource - HikariPool-1 - Starting...
21-09-2026~~17:17:40 [http-nio-8080-exec-1] INFO  com.zaxxer.hikari.pool.HikariPool - HikariPool-1 - Added connection com.mysql.cj.jdbc.ConnectionImpl@47197871
21-09-2026~~17:17:40 [http-nio-8080-exec-1] INFO  com.zaxxer.hikari.HikariDataSource - HikariPool-1 - Start completed.
21-09-2026~~17:19:35 [http-nio-8080-exec-3] INFO  com.solarNetBilling.demo.Service.CustomerServiceImpl - Inside getCustomerById(), id: 
21-09-2026~~17:23:24 [RMI TCP Connection(10)-192.168.1.92] INFO  org.springframework.boot.admin.SpringApplicationAdminMXBeanRegistrar$SpringApplicationAdmin - Application shutdown requested.
21-09-2026~~17:23:24 [RMI TCP Connection(10)-192.168.1.92] INFO  org.springframework.boot.tomcat.GracefulShutdown - Commencing graceful shutdown. Waiting for active requests to complete
21-09-2026~~17:23:24 [tomcat-shutdown] INFO  org.apache.coyote.http11.Http11NioProtocol - Pausing ProtocolHandler ["http-nio-8080"]
21-09-2026~~17:23:24 [tomcat-shutdown] INFO  org.springframework.boot.tomcat.GracefulShutdown - Graceful shutdown complete
21-09-2026~~17:23:24 [RMI TCP Connection(10)-192.168.1.92] INFO  org.apache.coyote.http11.Http11NioProtocol - Stopping ProtocolHandler ["http-nio-8080"]
21-09-2026~~17:23:24 [RMI TCP Connection(10)-192.168.1.92] INFO  com.zaxxer.hikari.HikariDataSource - HikariPool-1 - Shutdown initiated...
21-09-2026~~17:23:24 [RMI TCP Connection(10)-192.168.1.92] INFO  com.zaxxer.hikari.HikariDataSource - HikariPool-1 - Shutdown completed.
